MPLINK 5.08, LINKER
Linker Map File - Created Thu Apr 21 15:38:02 2016

                                 Section Info
                  Section       Type    Address   Location Size(Bytes)
                ---------  ---------  ---------  ---------  ---------
                   .org_0       code   0x000000    program   0x000002
                   .cinit    romdata   0x000001    program   0x000004
                   .org_1       code   0x000004    program   0x00003c
.config_2007_BUILD/DEFAULT/PRODUCTION/_EXT/21       code   0x002007    program   0x000002



                              Program Memory Usage 
                               Start         End      
                           ---------   ---------      
                            0x000000    0x000002      
                            0x000004    0x000021      
                            0x002007    0x002007      
            34 out of 1094 program addresses used, program memory utilization is 3%



                              Symbols - Sorted by Name
                     Name    Address   Location    Storage File                     
                ---------  ---------  ---------  --------- ---------                
                    START   0x000014    program     static ../final/main.asm        
              delay_6_sec   0x000005    program     static ../final/main.asm        
         delay_6_sec_loop   0x000007    program     static ../final/main.asm        
          sub_delay_6_sec   0x00000b    program     static ../final/main.asm        
     sub_delay_6_sec_loop   0x00000f    program     static ../final/main.asm        



                              Symbols - Sorted by Address
                     Name    Address   Location    Storage File                     
                ---------  ---------  ---------  --------- ---------                
              delay_6_sec   0x000005    program     static ../final/main.asm        
         delay_6_sec_loop   0x000007    program     static ../final/main.asm        
          sub_delay_6_sec   0x00000b    program     static ../final/main.asm        
     sub_delay_6_sec_loop   0x00000f    program     static ../final/main.asm        
                    START   0x000014    program     static ../final/main.asm        


