MPLINK 5.08, LINKER
Linker Map File - Created Tue Feb 16 17:18:33 2016

                                 Section Info
                  Section       Type    Address   Location Size(Bytes)
                ---------  ---------  ---------  ---------  ---------
                   .org_0       code   0x000000    program   0x000002
                   .cinit    romdata   0x000001    program   0x000004
                   .org_1       code   0x000004    program   0x000024
.config_2007_BUILD/DEFAULT/DEBUG/QUIZ.O       code   0x002007    program   0x000002



                              Program Memory Usage 
                               Start         End      
                           ---------   ---------      
                            0x000000    0x000002      
                            0x000004    0x000015      
                            0x002007    0x002007      
            22 out of 1094 program addresses used, program memory utilization is 2%



                              Symbols - Sorted by Name
                     Name    Address   Location    Storage File                     
                ---------  ---------  ---------  --------- ---------                
                     MUL8   0x000005    program     static /home/primis/Dropbox/Documents/School/15-16/eet251/quiz4/quiz.asm
                 MUL8LOOP   0x000006    program     static /home/primis/Dropbox/Documents/School/15-16/eet251/quiz4/quiz.asm
                    START   0x000010    program     static /home/primis/Dropbox/Documents/School/15-16/eet251/quiz4/quiz.asm
             _.org_1_0015   0x000015    program     static /home/primis/Dropbox/Documents/School/15-16/eet251/quiz4/quiz.asm



                              Symbols - Sorted by Address
                     Name    Address   Location    Storage File                     
                ---------  ---------  ---------  --------- ---------                
                     MUL8   0x000005    program     static /home/primis/Dropbox/Documents/School/15-16/eet251/quiz4/quiz.asm
                 MUL8LOOP   0x000006    program     static /home/primis/Dropbox/Documents/School/15-16/eet251/quiz4/quiz.asm
                    START   0x000010    program     static /home/primis/Dropbox/Documents/School/15-16/eet251/quiz4/quiz.asm
             _.org_1_0015   0x000015    program     static /home/primis/Dropbox/Documents/School/15-16/eet251/quiz4/quiz.asm


